../Drivers/CMSIS/Include/core_cm0.h:856:34:__NVIC_SystemReset	1
../Drivers/STM32F0xx_HAL_Driver/Inc/stm32f0xx_ll_iwdg.h:141:22:LL_IWDG_Enable	1
../Drivers/STM32F0xx_HAL_Driver/Inc/stm32f0xx_ll_iwdg.h:152:22:LL_IWDG_ReloadCounter	1
../Drivers/STM32F0xx_HAL_Driver/Inc/stm32f0xx_ll_iwdg.h:163:22:LL_IWDG_EnableWriteAccess	1
../Drivers/STM32F0xx_HAL_Driver/Inc/stm32f0xx_ll_iwdg.h:193:22:LL_IWDG_SetPrescaler	1
../Drivers/STM32F0xx_HAL_Driver/Inc/stm32f0xx_ll_iwdg.h:223:22:LL_IWDG_SetReloadCounter	1
../Drivers/STM32F0xx_HAL_Driver/Inc/stm32f0xx_ll_iwdg.h:311:26:LL_IWDG_IsReady	2
../Drivers/STM32F0xx_HAL_Driver/Inc/stm32f0xx_ll_rcc.h:667:22:LL_RCC_HSE_EnableCSS	1
../Drivers/STM32F0xx_HAL_Driver/Inc/stm32f0xx_ll_rcc.h:708:22:LL_RCC_HSE_Enable	1
../Drivers/STM32F0xx_HAL_Driver/Inc/stm32f0xx_ll_rcc.h:728:26:LL_RCC_HSE_IsReady	1
../Drivers/STM32F0xx_HAL_Driver/Inc/stm32f0xx_ll_rcc.h:1053:22:LL_RCC_LSI_Enable	1
../Drivers/STM32F0xx_HAL_Driver/Inc/stm32f0xx_ll_rcc.h:1073:26:LL_RCC_LSI_IsReady	1
../Drivers/STM32F0xx_HAL_Driver/Inc/stm32f0xx_ll_rcc.h:1098:22:LL_RCC_SetSysClkSource	1
../Drivers/STM32F0xx_HAL_Driver/Inc/stm32f0xx_ll_rcc.h:1114:26:LL_RCC_GetSysClkSource	1
../Drivers/STM32F0xx_HAL_Driver/Inc/stm32f0xx_ll_rcc.h:1134:22:LL_RCC_SetAHBPrescaler	1
../Drivers/STM32F0xx_HAL_Driver/Inc/stm32f0xx_ll_rcc.h:1150:22:LL_RCC_SetAPB1Prescaler	1
../Drivers/STM32F0xx_HAL_Driver/Inc/stm32f0xx_ll_rcc.h:1505:22:LL_RCC_PLL_Enable	1
../Drivers/STM32F0xx_HAL_Driver/Inc/stm32f0xx_ll_rcc.h:1526:26:LL_RCC_PLL_IsReady	1
../Drivers/STM32F0xx_HAL_Driver/Inc/stm32f0xx_ll_rcc.h:1578:22:LL_RCC_PLL_ConfigDomain_SYS	1
../Drivers/STM32F0xx_HAL_Driver/Inc/stm32f0xx_ll_bus.h:413:22:LL_APB1_GRP1_EnableClock	1
../Drivers/STM32F0xx_HAL_Driver/Inc/stm32f0xx_ll_system.h:1778:22:LL_FLASH_SetLatency	1
../Drivers/STM32F0xx_HAL_Driver/Inc/stm32f0xx_ll_system.h:1790:26:LL_FLASH_GetLatency	1
../Drivers/STM32F0xx_HAL_Driver/Inc/stm32f0xx_ll_tim.h:1253:22:LL_TIM_EnableARRPreload	1
../Core/Src/main.c:84:6:intToStr	3
../Core/Src/main.c:105:6:serialPutString	2
../Core/Src/main.c:119:19:serialPutByte	1
../Core/Src/main.c:127:6:goToApps	2
../Core/Src/main.c:148:17:modbusCRC16Cal	2
../Core/Src/main.c:195:17:GetPage	4
../Core/Src/main.c:255:6:eraseFlashMemory	2
../Core/Src/main.c:284:6:writeFlashMemory	3
../Core/Src/main.c:308:6:readFlashMemory	2
../Core/Src/main.c:326:6:copyFlashMemory	2
../Core/Src/main.c:364:6:backupFlashMemory	1
../Core/Src/main.c:378:6:rollbackFlashMemory	1
../Core/Src/main.c:395:5:main	20
../Core/Src/main.c:639:6:SystemClock_Config	7
../Core/Src/main.c:680:13:MX_IWDG_Init	2
../Core/Src/main.c:707:13:MX_TIM6_Init	1
../Core/Src/main.c:736:13:MX_USART2_UART_Init	2
../Core/Src/main.c:768:13:MX_USART5_UART_Init	2
../Core/Src/main.c:800:13:MX_GPIO_Init	1
../Core/Src/main.c:837:6:HAL_TIM_PeriodElapsedCallback	2
../Core/Src/main.c:853:6:Error_Handler	1
