../Drivers/CMSIS/Include/core_cm0.h:856:34:__NVIC_SystemReset	1
../Drivers/STM32F0xx_HAL_Driver/Inc/stm32f0xx_ll_iwdg.h:141:22:LL_IWDG_Enable	1
../Drivers/STM32F0xx_HAL_Driver/Inc/stm32f0xx_ll_iwdg.h:152:22:LL_IWDG_ReloadCounter	1
../Drivers/STM32F0xx_HAL_Driver/Inc/stm32f0xx_ll_iwdg.h:163:22:LL_IWDG_EnableWriteAccess	1
../Drivers/STM32F0xx_HAL_Driver/Inc/stm32f0xx_ll_iwdg.h:193:22:LL_IWDG_SetPrescaler	1
../Drivers/STM32F0xx_HAL_Driver/Inc/stm32f0xx_ll_iwdg.h:223:22:LL_IWDG_SetReloadCounter	1
../Drivers/STM32F0xx_HAL_Driver/Inc/stm32f0xx_ll_iwdg.h:311:26:LL_IWDG_IsReady	2
../Drivers/STM32F0xx_HAL_Driver/Inc/stm32f0xx_ll_rcc.h:667:22:LL_RCC_HSE_EnableCSS	1
../Drivers/STM32F0xx_HAL_Driver/Inc/stm32f0xx_ll_rcc.h:708:22:LL_RCC_HSE_Enable	1
../Drivers/STM32F0xx_HAL_Driver/Inc/stm32f0xx_ll_rcc.h:728:26:LL_RCC_HSE_IsReady	1
../Drivers/STM32F0xx_HAL_Driver/Inc/stm32f0xx_ll_rcc.h:1053:22:LL_RCC_LSI_Enable	1
../Drivers/STM32F0xx_HAL_Driver/Inc/stm32f0xx_ll_rcc.h:1073:26:LL_RCC_LSI_IsReady	1
../Drivers/STM32F0xx_HAL_Driver/Inc/stm32f0xx_ll_rcc.h:1098:22:LL_RCC_SetSysClkSource	1
../Drivers/STM32F0xx_HAL_Driver/Inc/stm32f0xx_ll_rcc.h:1114:26:LL_RCC_GetSysClkSource	1
../Drivers/STM32F0xx_HAL_Driver/Inc/stm32f0xx_ll_rcc.h:1134:22:LL_RCC_SetAHBPrescaler	1
../Drivers/STM32F0xx_HAL_Driver/Inc/stm32f0xx_ll_rcc.h:1150:22:LL_RCC_SetAPB1Prescaler	1
../Drivers/STM32F0xx_HAL_Driver/Inc/stm32f0xx_ll_rcc.h:1505:22:LL_RCC_PLL_Enable	1
../Drivers/STM32F0xx_HAL_Driver/Inc/stm32f0xx_ll_rcc.h:1526:26:LL_RCC_PLL_IsReady	1
../Drivers/STM32F0xx_HAL_Driver/Inc/stm32f0xx_ll_rcc.h:1578:22:LL_RCC_PLL_ConfigDomain_SYS	1
../Drivers/STM32F0xx_HAL_Driver/Inc/stm32f0xx_ll_bus.h:413:22:LL_APB1_GRP1_EnableClock	1
../Drivers/STM32F0xx_HAL_Driver/Inc/stm32f0xx_ll_system.h:1778:22:LL_FLASH_SetLatency	1
../Drivers/STM32F0xx_HAL_Driver/Inc/stm32f0xx_ll_system.h:1790:26:LL_FLASH_GetLatency	1
../Drivers/STM32F0xx_HAL_Driver/Inc/stm32f0xx_ll_tim.h:1253:22:LL_TIM_EnableARRPreload	1
../Core/Src/main.c:79:6:intToStr	3
../Core/Src/main.c:100:6:serialPutString	2
../Core/Src/main.c:114:19:serialPutByte	1
../Core/Src/main.c:122:6:goToApps	2
../Core/Src/main.c:143:17:modbusCRC16Cal	4
../Core/Src/main.c:164:17:GetPage	4
../Core/Src/main.c:224:6:eraseFlashMemory	2
../Core/Src/main.c:253:6:writeFlashMemory	3
../Core/Src/main.c:277:6:readFlashMemory	2
../Core/Src/main.c:295:6:copyFlashMemory	2
../Core/Src/main.c:332:6:backupFlashMemory	1
../Core/Src/main.c:345:6:rollbackFlashMemory	1
../Core/Src/main.c:361:5:main	17
../Core/Src/main.c:591:6:SystemClock_Config	7
../Core/Src/main.c:632:13:MX_IWDG_Init	2
../Core/Src/main.c:659:13:MX_TIM6_Init	1
../Core/Src/main.c:688:13:MX_USART2_UART_Init	2
../Core/Src/main.c:720:13:MX_USART5_UART_Init	2
../Core/Src/main.c:752:13:MX_GPIO_Init	1
../Core/Src/main.c:789:6:HAL_TIM_PeriodElapsedCallback	2
../Core/Src/main.c:805:6:Error_Handler	1
