../Drivers/STM32F0xx_HAL_Driver/Inc/stm32f0xx_ll_iwdg.h:141:22:LL_IWDG_Enable	1
../Drivers/STM32F0xx_HAL_Driver/Inc/stm32f0xx_ll_iwdg.h:152:22:LL_IWDG_ReloadCounter	1
../Drivers/STM32F0xx_HAL_Driver/Inc/stm32f0xx_ll_iwdg.h:163:22:LL_IWDG_EnableWriteAccess	1
../Drivers/STM32F0xx_HAL_Driver/Inc/stm32f0xx_ll_iwdg.h:193:22:LL_IWDG_SetPrescaler	1
../Drivers/STM32F0xx_HAL_Driver/Inc/stm32f0xx_ll_iwdg.h:223:22:LL_IWDG_SetReloadCounter	1
../Drivers/STM32F0xx_HAL_Driver/Inc/stm32f0xx_ll_iwdg.h:311:26:LL_IWDG_IsReady	2
../Drivers/STM32F0xx_HAL_Driver/Inc/stm32f0xx_ll_rcc.h:667:22:LL_RCC_HSE_EnableCSS	1
../Drivers/STM32F0xx_HAL_Driver/Inc/stm32f0xx_ll_rcc.h:708:22:LL_RCC_HSE_Enable	1
../Drivers/STM32F0xx_HAL_Driver/Inc/stm32f0xx_ll_rcc.h:728:26:LL_RCC_HSE_IsReady	1
../Drivers/STM32F0xx_HAL_Driver/Inc/stm32f0xx_ll_rcc.h:1053:22:LL_RCC_LSI_Enable	1
../Drivers/STM32F0xx_HAL_Driver/Inc/stm32f0xx_ll_rcc.h:1073:26:LL_RCC_LSI_IsReady	1
../Drivers/STM32F0xx_HAL_Driver/Inc/stm32f0xx_ll_rcc.h:1098:22:LL_RCC_SetSysClkSource	1
../Drivers/STM32F0xx_HAL_Driver/Inc/stm32f0xx_ll_rcc.h:1114:26:LL_RCC_GetSysClkSource	1
../Drivers/STM32F0xx_HAL_Driver/Inc/stm32f0xx_ll_rcc.h:1134:22:LL_RCC_SetAHBPrescaler	1
../Drivers/STM32F0xx_HAL_Driver/Inc/stm32f0xx_ll_rcc.h:1150:22:LL_RCC_SetAPB1Prescaler	1
../Drivers/STM32F0xx_HAL_Driver/Inc/stm32f0xx_ll_rcc.h:1271:22:LL_RCC_SetUSARTClockSource	1
../Drivers/STM32F0xx_HAL_Driver/Inc/stm32f0xx_ll_rcc.h:1284:22:LL_RCC_SetI2CClockSource	1
../Drivers/STM32F0xx_HAL_Driver/Inc/stm32f0xx_ll_rcc.h:1505:22:LL_RCC_PLL_Enable	1
../Drivers/STM32F0xx_HAL_Driver/Inc/stm32f0xx_ll_rcc.h:1526:26:LL_RCC_PLL_IsReady	1
../Drivers/STM32F0xx_HAL_Driver/Inc/stm32f0xx_ll_rcc.h:1578:22:LL_RCC_PLL_ConfigDomain_SYS	1
../Drivers/STM32F0xx_HAL_Driver/Inc/stm32f0xx_ll_bus.h:413:22:LL_APB1_GRP1_EnableClock	1
../Drivers/STM32F0xx_HAL_Driver/Inc/stm32f0xx_ll_system.h:1778:22:LL_FLASH_SetLatency	1
../Drivers/STM32F0xx_HAL_Driver/Inc/stm32f0xx_ll_system.h:1790:26:LL_FLASH_GetLatency	1
../Drivers/STM32F0xx_HAL_Driver/Inc/stm32f0xx_ll_tim.h:1253:22:LL_TIM_EnableARRPreload	1
../Core/Src/main.c:90:5:main	2
../Core/Src/main.c:164:6:SystemClock_Config	7
../Core/Src/main.c:207:13:MX_CRC_Init	2
../Core/Src/main.c:234:13:MX_I2C1_Init	4
../Core/Src/main.c:277:13:MX_IWDG_Init	2
../Core/Src/main.c:304:13:MX_TIM6_Init	1
../Core/Src/main.c:333:13:MX_USART1_UART_Init	2
../Core/Src/main.c:365:13:MX_USART2_UART_Init	2
../Core/Src/main.c:397:13:MX_USART5_UART_Init	2
../Core/Src/main.c:429:13:MX_GPIO_Init	1
../Core/Src/main.c:466:6:HAL_TIM_PeriodElapsedCallback	2
../Core/Src/main.c:482:6:Error_Handler	1
